// Jest Snapshot v1, https://goo.gl/fbAQLP

exports[`Header component header render matches snapshot 1`] = `
<DocumentFragment>
  <header
    class="flex-row px-1"
  >
    <h2>
      <a
        href="/"
      >
        j.aguilar
      </a>
    </h2>
    <div>
      <nav>
        <ul
          class="flex-row"
        >
          <li
            class="mx-2 false"
          >
            <span>
              portraits
            </span>
          </li>
        </ul>
      </nav>
    </div>
  </header>
</DocumentFragment>
`;
